[32379205ms] [LOG] [Fast Refresh] rebuilding @ http://localhost:3000/_next/static/chunks/38a2d_next_dist_dd627784._.js:2297
[32379226ms] [LOG] [Fast Refresh] done in 123ms @ http://localhost:3000/_next/static/chunks/38a2d_next_dist_dd627784._.js:2297
[32379460ms] [LOG] [Fast Refresh] rebuilding @ http://localhost:3000/_next/static/chunks/38a2d_next_dist_dd627784._.js:2297
[32379469ms] [LOG] [Fast Refresh] done in 109ms @ http://localhost:3000/_next/static/chunks/38a2d_next_dist_dd627784._.js:2297
[33875454ms] [LOG] [Fast Refresh] rebuilding @ http://localhost:3000/_next/static/chunks/38a2d_next_dist_dd627784._.js:2297
[33875475ms] [LOG] [Fast Refresh] done in 123ms @ http://localhost:3000/_next/static/chunks/38a2d_next_dist_dd627784._.js:2297
[35126947ms] [LOG] [Fast Refresh] rebuilding @ http://localhost:3000/_next/static/chunks/38a2d_next_dist_dd627784._.js:2297
[35127257ms] [LOG] [Fast Refresh] done in 81ms @ http://localhost:3000/_next/static/chunks/38a2d_next_dist_dd627784._.js:2297
[35140073ms] [LOG] [Fast Refresh] rebuilding @ http://localhost:3000/_next/static/chunks/38a2d_next_dist_dd627784._.js:2297
[35140106ms] [WARNING] [Fast Refresh] performing full reload

Fast Refresh will perform a full reload when you edit a file that's imported by modules outside of the React rendering tree.
You might have a file which exports a React component but also exports a value that is imported by a non-React component file.
Consider migrating the non-React component export to a separate file and importing it into both files.

It is also possible the parent component of the component you edited is a class component, which disables Fast Refresh.
Fast Refresh requires at least one parent function component in your React tree. @ http://localhost:3000/_next/static/chunks/38a2d_next_dist_dd627784._.js:2297
[35140354ms] [LOG] [Fast Refresh] done in 133ms @ http://localhost:3000/_next/static/chunks/38a2d_next_dist_dd627784._.js:2297
[35140485ms] [LOG] [Fast Refresh] rebuilding @ http://localhost:3000/_next/static/chunks/38a2d_next_dist_dd627784._.js:2297
[35140614ms] [LOG] [Fast Refresh] done in 232ms @ http://localhost:3000/_next/static/chunks/38a2d_next_dist_dd627784._.js:2297
[35140782ms] [INFO] %cDownload the React DevTools for a better development experience: https://react.dev/link/react-devtools font-weight:bold @ http://localhost:3000/_next/static/chunks/38a2d_next_dist_dd627784._.js:2297
[35140823ms] [LOG] [HMR] connected @ http://localhost:3000/_next/static/chunks/38a2d_next_dist_dd627784._.js:2297
[35141049ms] [WARNING] THREE.THREE.Clock: This module has been deprecated. Please use THREE.Timer instead. @ http://localhost:3000/_next/static/chunks/38a2d_next_dist_dd627784._.js:2297
[35141071ms] [WARNING] THREE.THREE.Clock: This module has been deprecated. Please use THREE.Timer instead. @ http://localhost:3000/_next/static/chunks/38a2d_next_dist_dd627784._.js:2297
[35162545ms] [LOG] [Fast Refresh] rebuilding @ http://localhost:3000/_next/static/chunks/38a2d_next_dist_dd627784._.js:2297
[35162549ms] [LOG] [Fast Refresh] done in 107ms @ http://localhost:3000/_next/static/chunks/38a2d_next_dist_dd627784._.js:2297
[35179107ms] [LOG] [Fast Refresh] rebuilding @ http://localhost:3000/_next/static/chunks/38a2d_next_dist_dd627784._.js:2297
[35179148ms] [LOG] [Fast Refresh] done in 142ms @ http://localhost:3000/_next/static/chunks/38a2d_next_dist_dd627784._.js:2297
[35181465ms] [LOG] [Fast Refresh] rebuilding @ http://localhost:3000/_next/static/chunks/38a2d_next_dist_dd627784._.js:2297
[35181524ms] [LOG] [Fast Refresh] done in 165ms @ http://localhost:3000/_next/static/chunks/38a2d_next_dist_dd627784._.js:2297
[35185138ms] [LOG] [Fast Refresh] rebuilding @ http://localhost:3000/_next/static/chunks/38a2d_next_dist_dd627784._.js:2297
[35185177ms] [LOG] [Fast Refresh] done in 142ms @ http://localhost:3000/_next/static/chunks/38a2d_next_dist_dd627784._.js:2297
[35187525ms] [LOG] [Fast Refresh] rebuilding @ http://localhost:3000/_next/static/chunks/38a2d_next_dist_dd627784._.js:2297
[35187533ms] [LOG] [Fast Refresh] done in 108ms @ http://localhost:3000/_next/static/chunks/38a2d_next_dist_dd627784._.js:2297
[35228579ms] [LOG] [Fast Refresh] rebuilding @ http://localhost:3000/_next/static/chunks/38a2d_next_dist_dd627784._.js:2297
[35228582ms] [LOG] [Fast Refresh] done in 107ms @ http://localhost:3000/_next/static/chunks/38a2d_next_dist_dd627784._.js:2297
[35303607ms] [LOG] [Fast Refresh] rebuilding @ http://localhost:3000/_next/static/chunks/38a2d_next_dist_dd627784._.js:2297
[35303672ms] [LOG] [Fast Refresh] done in 138ms @ http://localhost:3000/_next/static/chunks/38a2d_next_dist_dd627784._.js:2297
[35313021ms] [LOG] [Fast Refresh] rebuilding @ http://localhost:3000/_next/static/chunks/38a2d_next_dist_dd627784._.js:2297
[35313023ms] [WARNING] [Fast Refresh] performing full reload

Fast Refresh will perform a full reload when you edit a file that's imported by modules outside of the React rendering tree.
You might have a file which exports a React component but also exports a value that is imported by a non-React component file.
Consider migrating the non-React component export to a separate file and importing it into both files.

It is also possible the parent component of the component you edited is a class component, which disables Fast Refresh.
Fast Refresh requires at least one parent function component in your React tree. @ http://localhost:3000/_next/static/chunks/38a2d_next_dist_dd627784._.js:2297
[35313416ms] [LOG] [Fast Refresh] done in 60ms @ http://localhost:3000/_next/static/chunks/38a2d_next_dist_dd627784._.js:2297
[35313630ms] [INFO] %cDownload the React DevTools for a better development experience: https://react.dev/link/react-devtools font-weight:bold @ http://localhost:3000/_next/static/chunks/38a2d_next_dist_dd627784._.js:2297
[35313668ms] [LOG] [HMR] connected @ http://localhost:3000/_next/static/chunks/38a2d_next_dist_dd627784._.js:2297
[35313874ms] [WARNING] THREE.THREE.Clock: This module has been deprecated. Please use THREE.Timer instead. @ http://localhost:3000/_next/static/chunks/38a2d_next_dist_dd627784._.js:2297
[35313897ms] [WARNING] THREE.THREE.Clock: This module has been deprecated. Please use THREE.Timer instead. @ http://localhost:3000/_next/static/chunks/38a2d_next_dist_dd627784._.js:2297
[35326764ms] [LOG] [Fast Refresh] rebuilding @ http://localhost:3000/_next/static/chunks/38a2d_next_dist_dd627784._.js:2297
[35326830ms] [LOG] [Fast Refresh] done in 170ms @ http://localhost:3000/_next/static/chunks/38a2d_next_dist_dd627784._.js:2297
[35339769ms] [LOG] [Fast Refresh] rebuilding @ http://localhost:3000/_next/static/chunks/38a2d_next_dist_dd627784._.js:2297
[35339803ms] [LOG] [Fast Refresh] done in 136ms @ http://localhost:3000/_next/static/chunks/38a2d_next_dist_dd627784._.js:2297
[35343708ms] [LOG] [Fast Refresh] rebuilding @ http://localhost:3000/_next/static/chunks/38a2d_next_dist_dd627784._.js:2297
[35343834ms] [LOG] [Fast Refresh] done in 230ms @ http://localhost:3000/_next/static/chunks/38a2d_next_dist_dd627784._.js:2297
[35352810ms] [LOG] [Fast Refresh] rebuilding @ http://localhost:3000/_next/static/chunks/38a2d_next_dist_dd627784._.js:2297
[35352900ms] [LOG] [Fast Refresh] done in 191ms @ http://localhost:3000/_next/static/chunks/38a2d_next_dist_dd627784._.js:2297
[35388640ms] [LOG] [Fast Refresh] rebuilding @ http://localhost:3000/_next/static/chunks/38a2d_next_dist_dd627784._.js:2297
[35388645ms] [LOG] [Fast Refresh] done in 108ms @ http://localhost:3000/_next/static/chunks/38a2d_next_dist_dd627784._.js:2297
[35393028ms] [LOG] [Fast Refresh] rebuilding @ http://localhost:3000/_next/static/chunks/38a2d_next_dist_dd627784._.js:2297
[35393066ms] [LOG] [Fast Refresh] done in 139ms @ http://localhost:3000/_next/static/chunks/38a2d_next_dist_dd627784._.js:2297
[35395834ms] [LOG] [Fast Refresh] rebuilding @ http://localhost:3000/_next/static/chunks/38a2d_next_dist_dd627784._.js:2297
[35395903ms] [LOG] [Fast Refresh] done in 170ms @ http://localhost:3000/_next/static/chunks/38a2d_next_dist_dd627784._.js:2297
[35427069ms] [LOG] [Fast Refresh] rebuilding @ http://localhost:3000/_next/static/chunks/38a2d_next_dist_dd627784._.js:2297
[35427074ms] [LOG] [Fast Refresh] done in 108ms @ http://localhost:3000/_next/static/chunks/38a2d_next_dist_dd627784._.js:2297
[35461160ms] [LOG] [Fast Refresh] rebuilding @ http://localhost:3000/_next/static/chunks/38a2d_next_dist_dd627784._.js:2297
[35461162ms] [LOG] [Fast Refresh] done in 108ms @ http://localhost:3000/_next/static/chunks/38a2d_next_dist_dd627784._.js:2297
[35481795ms] [LOG] [Fast Refresh] rebuilding @ http://localhost:3000/_next/static/chunks/38a2d_next_dist_dd627784._.js:2297
[35481817ms] [LOG] [Fast Refresh] done in 123ms @ http://localhost:3000/_next/static/chunks/38a2d_next_dist_dd627784._.js:2297
[35527502ms] [LOG] [Fast Refresh] rebuilding @ http://localhost:3000/_next/static/chunks/38a2d_next_dist_dd627784._.js:2297
[35527521ms] [LOG] [Fast Refresh] done in 123ms @ http://localhost:3000/_next/static/chunks/38a2d_next_dist_dd627784._.js:2297
[35540841ms] [LOG] [Fast Refresh] rebuilding @ http://localhost:3000/_next/static/chunks/38a2d_next_dist_dd627784._.js:2297
[35540844ms] [LOG] [Fast Refresh] done in 108ms @ http://localhost:3000/_next/static/chunks/38a2d_next_dist_dd627784._.js:2297
