[     124ms] [INFO] %cDownload the React DevTools for a better development experience: https://react.dev/link/react-devtools font-weight:bold @ http://localhost:3000/_next/static/chunks/38a2d_next_dist_dd627784._.js:2297
[     209ms] [LOG] [HMR] connected @ http://localhost:3000/_next/static/chunks/38a2d_next_dist_dd627784._.js:2297
[     438ms] [WARNING] THREE.THREE.Clock: This module has been deprecated. Please use THREE.Timer instead. @ http://localhost:3000/_next/static/chunks/38a2d_next_dist_dd627784._.js:2297
[     459ms] [WARNING] THREE.THREE.Clock: This module has been deprecated. Please use THREE.Timer instead. @ http://localhost:3000/_next/static/chunks/38a2d_next_dist_dd627784._.js:2297
[   12167ms] [LOG] [Fast Refresh] rebuilding @ http://localhost:3000/_next/static/chunks/38a2d_next_dist_dd627784._.js:2297
[   12188ms] [LOG] [Fast Refresh] done in 123ms @ http://localhost:3000/_next/static/chunks/38a2d_next_dist_dd627784._.js:2297
[   12427ms] [LOG] [Fast Refresh] rebuilding @ http://localhost:3000/_next/static/chunks/38a2d_next_dist_dd627784._.js:2297
[   12431ms] [LOG] [Fast Refresh] done in 109ms @ http://localhost:3000/_next/static/chunks/38a2d_next_dist_dd627784._.js:2297
[ 1508416ms] [LOG] [Fast Refresh] rebuilding @ http://localhost:3000/_next/static/chunks/38a2d_next_dist_dd627784._.js:2297
[ 1508437ms] [LOG] [Fast Refresh] done in 123ms @ http://localhost:3000/_next/static/chunks/38a2d_next_dist_dd627784._.js:2297
[ 2759909ms] [LOG] [Fast Refresh] rebuilding @ http://localhost:3000/_next/static/chunks/38a2d_next_dist_dd627784._.js:2297
[ 2760219ms] [LOG] [Fast Refresh] done in 81ms @ http://localhost:3000/_next/static/chunks/38a2d_next_dist_dd627784._.js:2297
[ 2773041ms] [LOG] [Fast Refresh] rebuilding @ http://localhost:3000/_next/static/chunks/38a2d_next_dist_dd627784._.js:2297
[ 2773075ms] [WARNING] [Fast Refresh] performing full reload

Fast Refresh will perform a full reload when you edit a file that's imported by modules outside of the React rendering tree.
You might have a file which exports a React component but also exports a value that is imported by a non-React component file.
Consider migrating the non-React component export to a separate file and importing it into both files.

It is also possible the parent component of the component you edited is a class component, which disables Fast Refresh.
Fast Refresh requires at least one parent function component in your React tree. @ http://localhost:3000/_next/static/chunks/38a2d_next_dist_dd627784._.js:2297
[ 2773316ms] [LOG] [Fast Refresh] done in 139ms @ http://localhost:3000/_next/static/chunks/38a2d_next_dist_dd627784._.js:2297
[ 2773458ms] [LOG] [Fast Refresh] rebuilding @ http://localhost:3000/_next/static/chunks/38a2d_next_dist_dd627784._.js:2297
[ 2773576ms] [LOG] [Fast Refresh] done in 232ms @ http://localhost:3000/_next/static/chunks/38a2d_next_dist_dd627784._.js:2297
[ 2773794ms] [INFO] %cDownload the React DevTools for a better development experience: https://react.dev/link/react-devtools font-weight:bold @ http://localhost:3000/_next/static/chunks/38a2d_next_dist_dd627784._.js:2297
[ 2773852ms] [LOG] [HMR] connected @ http://localhost:3000/_next/static/chunks/38a2d_next_dist_dd627784._.js:2297
[ 2774105ms] [WARNING] THREE.THREE.Clock: This module has been deprecated. Please use THREE.Timer instead. @ http://localhost:3000/_next/static/chunks/38a2d_next_dist_dd627784._.js:2297
[ 2774135ms] [WARNING] THREE.THREE.Clock: This module has been deprecated. Please use THREE.Timer instead. @ http://localhost:3000/_next/static/chunks/38a2d_next_dist_dd627784._.js:2297
[ 2795510ms] [LOG] [Fast Refresh] rebuilding @ http://localhost:3000/_next/static/chunks/38a2d_next_dist_dd627784._.js:2297
[ 2795511ms] [LOG] [Fast Refresh] done in 107ms @ http://localhost:3000/_next/static/chunks/38a2d_next_dist_dd627784._.js:2297
[ 2814430ms] [LOG] [Fast Refresh] rebuilding @ http://localhost:3000/_next/static/chunks/38a2d_next_dist_dd627784._.js:2297
[ 2814486ms] [LOG] [Fast Refresh] done in 165ms @ http://localhost:3000/_next/static/chunks/38a2d_next_dist_dd627784._.js:2297
[ 2820494ms] [LOG] [Fast Refresh] rebuilding @ http://localhost:3000/_next/static/chunks/38a2d_next_dist_dd627784._.js:2297
[ 2820495ms] [LOG] [Fast Refresh] done in 108ms @ http://localhost:3000/_next/static/chunks/38a2d_next_dist_dd627784._.js:2297
[ 2861543ms] [LOG] [Fast Refresh] rebuilding @ http://localhost:3000/_next/static/chunks/38a2d_next_dist_dd627784._.js:2297
[ 2861544ms] [LOG] [Fast Refresh] done in 107ms @ http://localhost:3000/_next/static/chunks/38a2d_next_dist_dd627784._.js:2297
[ 2936571ms] [LOG] [Fast Refresh] rebuilding @ http://localhost:3000/_next/static/chunks/38a2d_next_dist_dd627784._.js:2297
[ 2936634ms] [LOG] [Fast Refresh] done in 138ms @ http://localhost:3000/_next/static/chunks/38a2d_next_dist_dd627784._.js:2297
[ 2945982ms] [LOG] [Fast Refresh] rebuilding @ http://localhost:3000/_next/static/chunks/38a2d_next_dist_dd627784._.js:2297
[ 2945983ms] [WARNING] [Fast Refresh] performing full reload

Fast Refresh will perform a full reload when you edit a file that's imported by modules outside of the React rendering tree.
You might have a file which exports a React component but also exports a value that is imported by a non-React component file.
Consider migrating the non-React component export to a separate file and importing it into both files.

It is also possible the parent component of the component you edited is a class component, which disables Fast Refresh.
Fast Refresh requires at least one parent function component in your React tree. @ http://localhost:3000/_next/static/chunks/38a2d_next_dist_dd627784._.js:2297
[ 2946378ms] [LOG] [Fast Refresh] done in 59ms @ http://localhost:3000/_next/static/chunks/38a2d_next_dist_dd627784._.js:2297
[ 2946595ms] [INFO] %cDownload the React DevTools for a better development experience: https://react.dev/link/react-devtools font-weight:bold @ http://localhost:3000/_next/static/chunks/38a2d_next_dist_dd627784._.js:2297
[ 2946695ms] [LOG] [HMR] connected @ http://localhost:3000/_next/static/chunks/38a2d_next_dist_dd627784._.js:2297
[ 2946975ms] [WARNING] THREE.THREE.Clock: This module has been deprecated. Please use THREE.Timer instead. @ http://localhost:3000/_next/static/chunks/38a2d_next_dist_dd627784._.js:2297
[ 2947001ms] [WARNING] THREE.THREE.Clock: This module has been deprecated. Please use THREE.Timer instead. @ http://localhost:3000/_next/static/chunks/38a2d_next_dist_dd627784._.js:2297
[ 2959730ms] [LOG] [Fast Refresh] rebuilding @ http://localhost:3000/_next/static/chunks/38a2d_next_dist_dd627784._.js:2297
[ 2959793ms] [LOG] [Fast Refresh] done in 170ms @ http://localhost:3000/_next/static/chunks/38a2d_next_dist_dd627784._.js:2297
[ 2972728ms] [LOG] [Fast Refresh] rebuilding @ http://localhost:3000/_next/static/chunks/38a2d_next_dist_dd627784._.js:2297
[ 2972765ms] [LOG] [Fast Refresh] done in 137ms @ http://localhost:3000/_next/static/chunks/38a2d_next_dist_dd627784._.js:2297
[ 2976697ms] [LOG] [Fast Refresh] rebuilding @ http://localhost:3000/_next/static/chunks/38a2d_next_dist_dd627784._.js:2297
[ 2976796ms] [LOG] [Fast Refresh] done in 205ms @ http://localhost:3000/_next/static/chunks/38a2d_next_dist_dd627784._.js:2297
[ 2985780ms] [LOG] [Fast Refresh] rebuilding @ http://localhost:3000/_next/static/chunks/38a2d_next_dist_dd627784._.js:2297
[ 2985862ms] [LOG] [Fast Refresh] done in 190ms @ http://localhost:3000/_next/static/chunks/38a2d_next_dist_dd627784._.js:2297
[ 3021607ms] [LOG] [Fast Refresh] rebuilding @ http://localhost:3000/_next/static/chunks/38a2d_next_dist_dd627784._.js:2297
[ 3021607ms] [LOG] [Fast Refresh] done in 108ms @ http://localhost:3000/_next/static/chunks/38a2d_next_dist_dd627784._.js:2297
[ 3026028ms] [LOG] [Fast Refresh] rebuilding @ http://localhost:3000/_next/static/chunks/38a2d_next_dist_dd627784._.js:2297
[ 3026028ms] [LOG] [Fast Refresh] done in 104ms @ http://localhost:3000/_next/static/chunks/38a2d_next_dist_dd627784._.js:2297
[ 3028802ms] [LOG] [Fast Refresh] rebuilding @ http://localhost:3000/_next/static/chunks/38a2d_next_dist_dd627784._.js:2297
[ 3028865ms] [LOG] [Fast Refresh] done in 170ms @ http://localhost:3000/_next/static/chunks/38a2d_next_dist_dd627784._.js:2297
[ 3060035ms] [LOG] [Fast Refresh] rebuilding @ http://localhost:3000/_next/static/chunks/38a2d_next_dist_dd627784._.js:2297
[ 3060035ms] [LOG] [Fast Refresh] done in 108ms @ http://localhost:3000/_next/static/chunks/38a2d_next_dist_dd627784._.js:2297
[ 3094123ms] [LOG] [Fast Refresh] rebuilding @ http://localhost:3000/_next/static/chunks/38a2d_next_dist_dd627784._.js:2297
[ 3094124ms] [LOG] [Fast Refresh] done in 108ms @ http://localhost:3000/_next/static/chunks/38a2d_next_dist_dd627784._.js:2297
[ 3114763ms] [LOG] [Fast Refresh] rebuilding @ http://localhost:3000/_next/static/chunks/38a2d_next_dist_dd627784._.js:2297
[ 3114779ms] [LOG] [Fast Refresh] done in 123ms @ http://localhost:3000/_next/static/chunks/38a2d_next_dist_dd627784._.js:2297
[ 3160467ms] [LOG] [Fast Refresh] rebuilding @ http://localhost:3000/_next/static/chunks/38a2d_next_dist_dd627784._.js:2297
[ 3160483ms] [LOG] [Fast Refresh] done in 123ms @ http://localhost:3000/_next/static/chunks/38a2d_next_dist_dd627784._.js:2297
[ 3173805ms] [LOG] [Fast Refresh] rebuilding @ http://localhost:3000/_next/static/chunks/38a2d_next_dist_dd627784._.js:2297
[ 3173806ms] [LOG] [Fast Refresh] done in 108ms @ http://localhost:3000/_next/static/chunks/38a2d_next_dist_dd627784._.js:2297
